260.280_ratio=1.83;birth_weight=2645;dna_concentration=406.78;frozen_embryo=no;gamete_intrafallopian_transfer=no;gender=female;intracytoplasmic_sperm_injection=no;maternal_age=29.14994;maternal_smoking=no;medical_help_to_conceive=no;mother_id=3015;ovarian_stimulation=no;phenotype=non-IVF;subject_id=30151;twin_no=1;zygosity=MZ;ENA-CHECKLIST=ERC000026;
260.280_ratio=1.73;birth_weight=2644;dna_concentration=677.27;frozen_embryo=no;gamete_intrafallopian_transfer=no;gender=female;intracytoplasmic_sperm_injection=no;maternal_age=37.33339;maternal_smoking=yes;medical_help_to_conceive=no;mother_id=1033;ovarian_stimulation=no;phenotype=non-IVF;subject_id=10331;twin_no=1;zygosity=DZ;ENA-CHECKLIST=ERC000026;
260.280_ratio=1.71;birth_weight=2510;dna_concentration=232.52;frozen_embryo=no;gamete_intrafallopian_transfer=no;gender=female;intracytoplasmic_sperm_injection=no;maternal_age=37.33339;maternal_smoking=yes;medical_help_to_conceive=no;mother_id=1033;ovarian_stimulation=no;phenotype=non-IVF;subject_id=10332;twin_no=2;zygosity=DZ;ENA-CHECKLIST=ERC000026;
260.280_ratio=1.7;birth_weight=1679;dna_concentration=275.03;frozen_embryo=no;gamete_intrafallopian_transfer=no;gender=female;intracytoplasmic_sperm_injection=no;maternal_age=34.04522;maternal_smoking=no;medical_help_to_conceive=no;mother_id=1035;ovarian_stimulation=no;phenotype=non-IVF;subject_id=10351;twin_no=1;zygosity=MZ;ENA-CHECKLIST=ERC000026;
260.280_ratio=1.74;birth_weight=2425;dna_concentration=245.98;frozen_embryo=no;gamete_intrafallopian_transfer=no;gender=female;intracytoplasmic_sperm_injection=no;maternal_age=34.04522;maternal_smoking=no;medical_help_to_conceive=no;mother_id=1035;ovarian_stimulation=no;phenotype=non-IVF;subject_id=10352;twin_no=2;zygosity=MZ;ENA-CHECKLIST=ERC000026;
260.280_ratio=1.81;birth_weight=3155;dna_concentration=427.31;frozen_embryo=no;gamete_intrafallopian_transfer=no;gender=male;intracytoplasmic_sperm_injection=no;maternal_age=25.14446;maternal_smoking=yes;medical_help_to_conceive=no;mother_id=1049;ovarian_stimulation=no;phenotype=non-IVF;subject_id=10491;twin_no=1;zygosity=DZ;ENA-CHECKLIST=ERC000026;
260.280_ratio=1.84;birth_weight=2405;dna_concentration=505.04;frozen_embryo=no;gamete_intrafallopian_transfer=no;gender=male;intracytoplasmic_sperm_injection=no;maternal_age=27.36212;maternal_smoking=no;medical_help_to_conceive=no;mother_id=1052;ovarian_stimulation=no;phenotype=non-IVF;subject_id=10521;twin_no=1;zygosity=DZ;ENA-CHECKLIST=ERC000026;
260.280_ratio=1.72;birth_weight=3080;dna_concentration=215.42;frozen_embryo=no;gamete_intrafallopian_transfer=no;gender=male;intracytoplasmic_sperm_injection=no;maternal_age=27.36212;maternal_smoking=no;medical_help_to_conceive=no;mother_id=1052;ovarian_stimulation=no;phenotype=non-IVF;subject_id=10522;twin_no=2;zygosity=DZ;ENA-CHECKLIST=ERC000026;
260.280_ratio=1.75;birth_weight=2430;dna_concentration=206.56;frozen_embryo=no;gamete_intrafallopian_transfer=no;gender=male;intracytoplasmic_sperm_injection=no;maternal_age=34.03701;maternal_smoking=no;medical_help_to_conceive=no;mother_id=2019;ovarian_stimulation=no;phenotype=non-IVF;subject_id=20191;twin_no=1;zygosity=MZ;ENA-CHECKLIST=ERC000026;
260.280_ratio=1.81;birth_weight=2430;dna_concentration=121.78;frozen_embryo=no;gamete_intrafallopian_transfer=no;gender=female;intracytoplasmic_sperm_injection=no;maternal_age=30.07807;maternal_smoking=no;medical_help_to_conceive=no;mother_id=1054;ovarian_stimulation=no;phenotype=non-IVF;subject_id=10542;twin_no=2;zygosity=MZ;ENA-CHECKLIST=ERC000026;
260.280_ratio=1.81;birth_weight=3570;dna_concentration=356.95;frozen_embryo=no;gamete_intrafallopian_transfer=no;gender=female;intracytoplasmic_sperm_injection=no;maternal_age=40.34502;maternal_smoking=no;medical_help_to_conceive=no;mother_id=3046;ovarian_stimulation=no;phenotype=non-IVF;subject_id=30462;twin_no=2;zygosity=DZ;ENA-CHECKLIST=ERC000026;
260.280_ratio=1.55;birth_weight=2330;dna_concentration=88;frozen_embryo=no;gamete_intrafallopian_transfer=no;gender=male;intracytoplasmic_sperm_injection=no;maternal_age=31.53187;maternal_smoking=no;medical_help_to_conceive=no;mother_id=1065;ovarian_stimulation=no;phenotype=non-IVF;subject_id=10652;twin_no=2;zygosity=DZ;ENA-CHECKLIST=ERC000026;
260.280_ratio=1.85;birth_weight=3020;dna_concentration=696.67;frozen_embryo=no;gamete_intrafallopian_transfer=no;gender=female;intracytoplasmic_sperm_injection=no;maternal_age=21.42371;maternal_smoking=no;medical_help_to_conceive=no;mother_id=3060;ovarian_stimulation=no;phenotype=non-IVF;subject_id=30601;twin_no=1;zygosity=MZ;ENA-CHECKLIST=ERC000026;
260.280_ratio=1.79;birth_weight=2674;dna_concentration=172.44;frozen_embryo=no;gamete_intrafallopian_transfer=no;gender=male;intracytoplasmic_sperm_injection=no;maternal_age=36.43263;maternal_smoking=no;medical_help_to_conceive=no;mother_id=1069;ovarian_stimulation=no;phenotype=non-IVF;subject_id=10692;twin_no=2;zygosity=MZ;ENA-CHECKLIST=ERC000026;
260.280_ratio=1.79;birth_weight=2718;dna_concentration=271.38;frozen_embryo=no;gamete_intrafallopian_transfer=no;gender=male;intracytoplasmic_sperm_injection=no;maternal_age=36.43263;maternal_smoking=no;medical_help_to_conceive=no;mother_id=1069;ovarian_stimulation=no;phenotype=non-IVF;subject_id=10691;twin_no=1;zygosity=MZ;ENA-CHECKLIST=ERC000026;
260.280_ratio=1.84;birth_weight=3114;dna_concentration=155.56;frozen_embryo=no;gamete_intrafallopian_transfer=no;gender=female;intracytoplasmic_sperm_injection=no;maternal_age=35.57021;maternal_smoking=yes;medical_help_to_conceive=no;mother_id=1072;ovarian_stimulation=no;phenotype=non-IVF;subject_id=10722;twin_no=2;zygosity=DZ;ENA-CHECKLIST=ERC000026;
260.280_ratio=1.85;birth_weight=2790;dna_concentration=362.66;frozen_embryo=no;gamete_intrafallopian_transfer=no;gender=female;intracytoplasmic_sperm_injection=no;maternal_age=32.04659;maternal_smoking=no;medical_help_to_conceive=no;mother_id=1077;ovarian_stimulation=no;phenotype=non-IVF;subject_id=10772;twin_no=2;zygosity=MZ;ENA-CHECKLIST=ERC000026;
260.280_ratio=1.71;birth_weight=2664;dna_concentration=199.25;frozen_embryo=no;gamete_intrafallopian_transfer=no;gender=female;intracytoplasmic_sperm_injection=no;maternal_age=35.57021;maternal_smoking=yes;medical_help_to_conceive=no;mother_id=1072;ovarian_stimulation=no;phenotype=non-IVF;subject_id=10721;twin_no=1;zygosity=DZ;ENA-CHECKLIST=ERC000026;
260.280_ratio=1.63;birth_weight=2920;dna_concentration=182.28;frozen_embryo=no;gamete_intrafallopian_transfer=no;gender=male;intracytoplasmic_sperm_injection=no;maternal_age=30.52982;maternal_smoking=no;medical_help_to_conceive=no;mother_id=1087;ovarian_stimulation=no;phenotype=non-IVF;subject_id=10871;twin_no=1;zygosity=DZ;ENA-CHECKLIST=ERC000026;
260.280_ratio=1.74;birth_weight=2818;dna_concentration=90.84;frozen_embryo=no;gamete_intrafallopian_transfer=no;gender=male;intracytoplasmic_sperm_injection=no;maternal_age=34.03701;maternal_smoking=no;medical_help_to_conceive=no;mother_id=2019;ovarian_stimulation=no;phenotype=non-IVF;subject_id=20192;twin_no=2;zygosity=MZ;ENA-CHECKLIST=ERC000026;
260.280_ratio=1.82;birth_weight=2140;dna_concentration=676.02;frozen_embryo=no;gamete_intrafallopian_transfer=no;gender=female;intracytoplasmic_sperm_injection=no;maternal_age=31.93707;maternal_smoking=yes;medical_help_to_conceive=no;mother_id=1130;ovarian_stimulation=no;phenotype=non-IVF;subject_id=11301;twin_no=1;zygosity=MZ;ENA-CHECKLIST=ERC000026;
260.280_ratio=1.79;birth_weight=2770;dna_concentration=206.29;frozen_embryo=no;gamete_intrafallopian_transfer=no;gender=female;intracytoplasmic_sperm_injection=no;maternal_age=33.34981;maternal_smoking=no;medical_help_to_conceive=no;mother_id=2065;ovarian_stimulation=no;phenotype=non-IVF;subject_id=20652;twin_no=2;zygosity=DZ;ENA-CHECKLIST=ERC000026;
260.280_ratio=1.85;birth_weight=2735;dna_concentration=247.42;frozen_embryo=no;gamete_intrafallopian_transfer=no;gender=female;intracytoplasmic_sperm_injection=no;maternal_age=32.04659;maternal_smoking=no;medical_help_to_conceive=no;mother_id=1077;ovarian_stimulation=no;phenotype=non-IVF;subject_id=10771;twin_no=1;zygosity=MZ;ENA-CHECKLIST=ERC000026;
260.280_ratio=1.82;birth_weight=2755;dna_concentration=415.38;frozen_embryo=no;gamete_intrafallopian_transfer=no;gender=female;intracytoplasmic_sperm_injection=no;maternal_age=31.93707;maternal_smoking=yes;medical_help_to_conceive=no;mother_id=1130;ovarian_stimulation=no;phenotype=non-IVF;subject_id=11302;twin_no=2;zygosity=MZ;ENA-CHECKLIST=ERC000026;
260.280_ratio=1.66;birth_weight=2030;dna_concentration=217.07;frozen_embryo=no;gamete_intrafallopian_transfer=no;gender=male;intracytoplasmic_sperm_injection=no;maternal_age=29.54693;maternal_smoking=no;medical_help_to_conceive=no;mother_id=1113;ovarian_stimulation=no;phenotype=non-IVF;subject_id=11132;twin_no=2;zygosity=MZ;ENA-CHECKLIST=ERC000026;
260.280_ratio=1.69;birth_weight=2486;dna_concentration=290.14;frozen_embryo=no;gamete_intrafallopian_transfer=no;gender=male;intracytoplasmic_sperm_injection=no;maternal_age=29.54693;maternal_smoking=no;medical_help_to_conceive=no;mother_id=1113;ovarian_stimulation=no;phenotype=non-IVF;subject_id=11131;twin_no=1;zygosity=MZ;ENA-CHECKLIST=ERC000026;
260.280_ratio=1.82;birth_weight=2000;dna_concentration=581.37;frozen_embryo=no;gamete_intrafallopian_transfer=no;gender=female;intracytoplasmic_sperm_injection=no;maternal_age=30.95966;maternal_smoking=no;medical_help_to_conceive=no;mother_id=2059;ovarian_stimulation=no;phenotype=non-IVF;subject_id=20592;twin_no=2;zygosity=DZ;ENA-CHECKLIST=ERC000026;
260.280_ratio=1.79;birth_weight=2500;dna_concentration=455.11;frozen_embryo=no;gamete_intrafallopian_transfer=no;gender=female;intracytoplasmic_sperm_injection=no;maternal_age=30.95966;maternal_smoking=no;medical_help_to_conceive=no;mother_id=2059;ovarian_stimulation=no;phenotype=non-IVF;subject_id=20591;twin_no=1;zygosity=DZ;ENA-CHECKLIST=ERC000026;
260.280_ratio=1.84;birth_weight=2630;dna_concentration=850.27;frozen_embryo=no;gamete_intrafallopian_transfer=yes;gender=female;intracytoplasmic_sperm_injection=no;maternal_age=26.45589;maternal_smoking=yes;medical_help_to_conceive=yes;mother_id=2028;ovarian_stimulation=no;phenotype=non-IVF;subject_id=20281;twin_no=1;zygosity=MZ;ENA-CHECKLIST=ERC000026;
260.280_ratio=1.79;birth_weight=2210;dna_concentration=460.37;frozen_embryo=no;gamete_intrafallopian_transfer=yes;gender=female;intracytoplasmic_sperm_injection=no;maternal_age=26.45589;maternal_smoking=yes;medical_help_to_conceive=yes;mother_id=2028;ovarian_stimulation=no;phenotype=non-IVF;subject_id=20282;twin_no=2;zygosity=MZ;ENA-CHECKLIST=ERC000026;
260.280_ratio=1.83;birth_weight=2396;dna_concentration=319.67;frozen_embryo=no;gamete_intrafallopian_transfer=no;gender=male;intracytoplasmic_sperm_injection=no;maternal_age=29.19648;maternal_smoking=no;medical_help_to_conceive=no;mother_id=2032;ovarian_stimulation=no;phenotype=non-IVF;subject_id=20321;twin_no=1;zygosity=DZ;ENA-CHECKLIST=ERC000026;
260.280_ratio=1.8;birth_weight=2480;dna_concentration=96.68;frozen_embryo=no;gamete_intrafallopian_transfer=no;gender=female;intracytoplasmic_sperm_injection=no;maternal_age=40.64893;maternal_smoking=yes;medical_help_to_conceive=no;mother_id=2039;ovarian_stimulation=no;phenotype=non-IVF;subject_id=20392;twin_no=2;zygosity=MZ;ENA-CHECKLIST=ERC000026;
260.280_ratio=1.75;birth_weight=2340;dna_concentration=74;frozen_embryo=no;gamete_intrafallopian_transfer=no;gender=female;intracytoplasmic_sperm_injection=no;maternal_age=40.64893;maternal_smoking=yes;medical_help_to_conceive=no;mother_id=2039;ovarian_stimulation=no;phenotype=non-IVF;subject_id=20391;twin_no=1;zygosity=MZ;ENA-CHECKLIST=ERC000026;
260.280_ratio=1.67;birth_weight=2120;dna_concentration=131.42;frozen_embryo=no;gamete_intrafallopian_transfer=no;gender=male;intracytoplasmic_sperm_injection=no;maternal_age=29.19648;maternal_smoking=no;medical_help_to_conceive=no;mother_id=2032;ovarian_stimulation=no;phenotype=non-IVF;subject_id=20322;twin_no=2;zygosity=DZ;ENA-CHECKLIST=ERC000026;
260.280_ratio=1.81;birth_weight=2680;dna_concentration=291.43;frozen_embryo=no;gamete_intrafallopian_transfer=no;gender=male;intracytoplasmic_sperm_injection=no;maternal_age=33.79882;maternal_smoking=yes;medical_help_to_conceive=yes;mother_id=2053;ovarian_stimulation=yes;phenotype=non-IVF;subject_id=20532;twin_no=2;zygosity=DZ;ENA-CHECKLIST=ERC000026;
260.280_ratio=1.76;birth_weight=2270;dna_concentration=185.78;frozen_embryo=no;gamete_intrafallopian_transfer=no;gender=female;intracytoplasmic_sperm_injection=no;maternal_age=33.34981;maternal_smoking=no;medical_help_to_conceive=no;mother_id=2065;ovarian_stimulation=no;phenotype=non-IVF;subject_id=20651;twin_no=1;zygosity=DZ;ENA-CHECKLIST=ERC000026;
260.280_ratio=1.69;birth_weight=2710;dna_concentration=203.8;frozen_embryo=no;gamete_intrafallopian_transfer=no;gender=female;intracytoplasmic_sperm_injection=no;maternal_age=29.4292;maternal_smoking=no;medical_help_to_conceive=no;mother_id=2070;ovarian_stimulation=no;phenotype=non-IVF;subject_id=20701;twin_no=1;zygosity=DZ;ENA-CHECKLIST=ERC000026;
260.280_ratio=1.79;birth_weight=2345;dna_concentration=232.97;frozen_embryo=no;gamete_intrafallopian_transfer=no;gender=female;intracytoplasmic_sperm_injection=no;maternal_age=30.07807;maternal_smoking=no;medical_help_to_conceive=no;mother_id=1054;ovarian_stimulation=no;phenotype=non-IVF;subject_id=10541;twin_no=1;zygosity=MZ;ENA-CHECKLIST=ERC000026;
260.280_ratio=1.73;birth_weight=2940;dna_concentration=284.44;frozen_embryo=no;gamete_intrafallopian_transfer=no;gender=male;intracytoplasmic_sperm_injection=no;maternal_age=33.79882;maternal_smoking=yes;medical_help_to_conceive=yes;mother_id=2053;ovarian_stimulation=yes;phenotype=non-IVF;subject_id=20531;twin_no=1;zygosity=DZ;ENA-CHECKLIST=ERC000026;
260.280_ratio=1.83;birth_weight=2520;dna_concentration=652.32;frozen_embryo=no;gamete_intrafallopian_transfer=no;gender=female;intracytoplasmic_sperm_injection=no;maternal_age=29.14994;maternal_smoking=no;medical_help_to_conceive=no;mother_id=3015;ovarian_stimulation=no;phenotype=non-IVF;subject_id=30152;twin_no=2;zygosity=MZ;ENA-CHECKLIST=ERC000026;
260.280_ratio=1.82;birth_weight=2500;dna_concentration=237.99;frozen_embryo=no;gamete_intrafallopian_transfer=no;gender=male;intracytoplasmic_sperm_injection=no;maternal_age=30.35733;maternal_smoking=no;medical_help_to_conceive=no;mother_id=3027;ovarian_stimulation=no;phenotype=non-IVF;subject_id=30271;twin_no=1;zygosity=DZ;ENA-CHECKLIST=ERC000026;
260.280_ratio=1.83;birth_weight=2865;dna_concentration=516.41;frozen_embryo=no;gamete_intrafallopian_transfer=no;gender=female;intracytoplasmic_sperm_injection=no;maternal_age=40.34502;maternal_smoking=no;medical_help_to_conceive=no;mother_id=3046;ovarian_stimulation=no;phenotype=non-IVF;subject_id=30461;twin_no=1;zygosity=DZ;ENA-CHECKLIST=ERC000026;
260.280_ratio=1.79;birth_weight=2280;dna_concentration=400.44;frozen_embryo=no;gamete_intrafallopian_transfer=no;gender=male;intracytoplasmic_sperm_injection=no;maternal_age=30.35733;maternal_smoking=no;medical_help_to_conceive=no;mother_id=3027;ovarian_stimulation=no;phenotype=non-IVF;subject_id=30272;twin_no=2;zygosity=DZ;ENA-CHECKLIST=ERC000026;
260.280_ratio=1.82;birth_weight=2950;dna_concentration=373.2;frozen_embryo=no;gamete_intrafallopian_transfer=no;gender=female;intracytoplasmic_sperm_injection=no;maternal_age=21.42371;maternal_smoking=no;medical_help_to_conceive=no;mother_id=3060;ovarian_stimulation=no;phenotype=non-IVF;subject_id=30602;twin_no=2;zygosity=MZ;ENA-CHECKLIST=ERC000026;
260.280_ratio=1.79;birth_weight=3030;dna_concentration=181.24;frozen_embryo=no;gamete_intrafallopian_transfer=no;gender=female;intracytoplasmic_sperm_injection=no;maternal_age=29.4292;maternal_smoking=no;medical_help_to_conceive=no;mother_id=2070;ovarian_stimulation=no;phenotype=non-IVF;subject_id=20702;twin_no=2;zygosity=DZ;ENA-CHECKLIST=ERC000026;
260.280_ratio=1.72;birth_weight=2865;dna_concentration=104.53;frozen_embryo=no;gamete_intrafallopian_transfer=no;gender=female;intracytoplasmic_sperm_injection=no;maternal_age=35.20607;maternal_smoking=no;medical_help_to_conceive=no;mother_id=3063;ovarian_stimulation=no;phenotype=non-IVF;subject_id=30631;twin_no=1;zygosity=DZ;ENA-CHECKLIST=ERC000026;
260.280_ratio=1.67;birth_weight=2710;dna_concentration=148.89;frozen_embryo=no;gamete_intrafallopian_transfer=no;gender=female;intracytoplasmic_sperm_injection=no;maternal_age=35.20607;maternal_smoking=no;medical_help_to_conceive=no;mother_id=3063;ovarian_stimulation=no;phenotype=non-IVF;subject_id=30632;twin_no=2;zygosity=DZ;ENA-CHECKLIST=ERC000026;
260.280_ratio=1.83;birth_weight=2120;dna_concentration=292.18;frozen_embryo=no;gamete_intrafallopian_transfer=no;gender=female;intracytoplasmic_sperm_injection=no;maternal_age=29.46205;maternal_smoking=no;medical_help_to_conceive=no;mother_id=2064;ovarian_stimulation=no;phenotype=non-IVF;subject_id=20641;twin_no=1;zygosity=MZ;ENA-CHECKLIST=ERC000026;
260.280_ratio=1.82;birth_weight=2718;dna_concentration=988.4;frozen_embryo=no;gamete_intrafallopian_transfer=no;gender=male;intracytoplasmic_sperm_injection=no;maternal_age=36.43263;maternal_smoking=no;medical_help_to_conceive=no;mother_id=1069;ovarian_stimulation=no;phenotype=non-IVF;subject_id=10691;twin_no=1;zygosity=MZ;ENA-CHECKLIST=ERC000026;
260.280_ratio=1.83;birth_weight=2425;dna_concentration=74.39;frozen_embryo=no;gamete_intrafallopian_transfer=no;gender=female;intracytoplasmic_sperm_injection=no;maternal_age=34.04522;maternal_smoking=no;medical_help_to_conceive=no;mother_id=1035;ovarian_stimulation=no;phenotype=non-IVF;subject_id=10352;twin_no=2;zygosity=MZ;ENA-CHECKLIST=ERC000026;
260.280_ratio=1.82;birth_weight=2865;dna_concentration=421.62;frozen_embryo=no;gamete_intrafallopian_transfer=no;gender=female;intracytoplasmic_sperm_injection=no;maternal_age=35.20607;maternal_smoking=no;medical_help_to_conceive=no;mother_id=3063;ovarian_stimulation=no;phenotype=non-IVF;subject_id=30631;twin_no=1;zygosity=DZ;ENA-CHECKLIST=ERC000026;
260.280_ratio=1.8;birth_weight=2330;dna_concentration=72.7;frozen_embryo=no;gamete_intrafallopian_transfer=no;gender=male;intracytoplasmic_sperm_injection=no;maternal_age=31.53187;maternal_smoking=no;medical_help_to_conceive=no;mother_id=1065;ovarian_stimulation=no;phenotype=non-IVF;subject_id=10652;twin_no=2;zygosity=DZ;ENA-CHECKLIST=ERC000026;
260.280_ratio=1.85;birth_weight=2120;dna_concentration=224.28;frozen_embryo=no;gamete_intrafallopian_transfer=no;gender=male;intracytoplasmic_sperm_injection=no;maternal_age=29.19648;maternal_smoking=no;medical_help_to_conceive=no;mother_id=2032;ovarian_stimulation=no;phenotype=non-IVF;subject_id=20322;twin_no=2;zygosity=DZ;ENA-CHECKLIST=ERC000026;
260.280_ratio=1.78;birth_weight=2340;dna_concentration=118.77;frozen_embryo=no;gamete_intrafallopian_transfer=no;gender=female;intracytoplasmic_sperm_injection=no;maternal_age=40.64893;maternal_smoking=yes;medical_help_to_conceive=no;mother_id=2039;ovarian_stimulation=no;phenotype=non-IVF;subject_id=20391;twin_no=1;zygosity=MZ;ENA-CHECKLIST=ERC000026;
260.280_ratio=1.68;birth_weight=2480;dna_concentration=98.49;frozen_embryo=no;gamete_intrafallopian_transfer=no;gender=female;intracytoplasmic_sperm_injection=no;maternal_age=40.64893;maternal_smoking=yes;medical_help_to_conceive=no;mother_id=2039;ovarian_stimulation=no;phenotype=non-IVF;subject_id=20392;twin_no=2;zygosity=MZ;ENA-CHECKLIST=ERC000026;
260.280_ratio=1.82;birth_weight=3020;dna_concentration=447.29;frozen_embryo=no;gamete_intrafallopian_transfer=no;gender=female;intracytoplasmic_sperm_injection=no;maternal_age=21.42371;maternal_smoking=no;medical_help_to_conceive=no;mother_id=3060;ovarian_stimulation=no;phenotype=non-IVF;subject_id=30601;twin_no=1;zygosity=MZ;ENA-CHECKLIST=ERC000026;
260.280_ratio=1.85;birth_weight=2640;dna_concentration=909.77;frozen_embryo=no;gamete_intrafallopian_transfer=no;gender=male;intracytoplasmic_sperm_injection=no;maternal_age=30.52982;maternal_smoking=no;medical_help_to_conceive=no;mother_id=1087;ovarian_stimulation=no;phenotype=non-IVF;subject_id=10872;twin_no=2;zygosity=DZ;ENA-CHECKLIST=ERC000026;
260.280_ratio=1.8;birth_weight=2850;dna_concentration=67.46;frozen_embryo=no;gamete_intrafallopian_transfer=no;gender=male;intracytoplasmic_sperm_injection=no;maternal_age=40.10683;maternal_smoking=yes;medical_help_to_conceive=no;mother_id=1140;ovarian_stimulation=no;phenotype=non-IVF;subject_id=11402;twin_no=2;zygosity=DZ;ENA-CHECKLIST=ERC000026;
260.280_ratio=2.23;birth_weight=2455;dna_concentration=54.14;frozen_embryo=no;gamete_intrafallopian_transfer=no;gender=male;intracytoplasmic_sperm_injection=no;maternal_age=31.53187;maternal_smoking=no;medical_help_to_conceive=no;mother_id=1065;ovarian_stimulation=no;phenotype=non-IVF;subject_id=10651;twin_no=1;zygosity=DZ;ENA-CHECKLIST=ERC000026;
260.280_ratio=1.77;birth_weight=2000;dna_concentration=99.66;frozen_embryo=no;gamete_intrafallopian_transfer=no;gender=female;intracytoplasmic_sperm_injection=no;maternal_age=30.95966;maternal_smoking=no;medical_help_to_conceive=no;mother_id=2059;ovarian_stimulation=no;phenotype=non-IVF;subject_id=20592;twin_no=2;zygosity=DZ;ENA-CHECKLIST=ERC000026;
260.280_ratio=1.8;birth_weight=2674;dna_concentration=271.09;frozen_embryo=no;gamete_intrafallopian_transfer=no;gender=male;intracytoplasmic_sperm_injection=no;maternal_age=36.43263;maternal_smoking=no;medical_help_to_conceive=no;mother_id=1069;ovarian_stimulation=no;phenotype=non-IVF;subject_id=10692;twin_no=2;zygosity=MZ;ENA-CHECKLIST=ERC000026;
260.280_ratio=1.85;birth_weight=2140;dna_concentration=141.61;frozen_embryo=no;gamete_intrafallopian_transfer=no;gender=female;intracytoplasmic_sperm_injection=no;maternal_age=28.9665;maternal_smoking=no;medical_help_to_conceive=no;mother_id=1050;ovarian_stimulation=no;phenotype=non-IVF;subject_id=10502;twin_no=2;zygosity=DZ;ENA-CHECKLIST=ERC000026;
260.280_ratio=1.78;birth_weight=2396;dna_concentration=214.3;frozen_embryo=no;gamete_intrafallopian_transfer=no;gender=male;intracytoplasmic_sperm_injection=no;maternal_age=29.19648;maternal_smoking=no;medical_help_to_conceive=no;mother_id=2032;ovarian_stimulation=no;phenotype=non-IVF;subject_id=20321;twin_no=1;zygosity=DZ;ENA-CHECKLIST=ERC000026;
260.280_ratio=1.81;birth_weight=2056;dna_concentration=348.16;frozen_embryo=no;gamete_intrafallopian_transfer=no;gender=female;intracytoplasmic_sperm_injection=no;maternal_age=26.05069;maternal_smoking=no;medical_help_to_conceive=no;mother_id=1100;ovarian_stimulation=no;phenotype=non-IVF;subject_id=11001;twin_no=1;zygosity=MZ;ENA-CHECKLIST=ERC000026;
260.280_ratio=1.81;birth_weight=2452;dna_concentration=154.93;frozen_embryo=no;gamete_intrafallopian_transfer=no;gender=male;intracytoplasmic_sperm_injection=no;maternal_age=27.83851;maternal_smoking=no;medical_help_to_conceive=no;mother_id=2058;ovarian_stimulation=no;phenotype=non-IVF;subject_id=20581;twin_no=1;zygosity=MZ;ENA-CHECKLIST=ERC000026;
260.280_ratio=1.83;birth_weight=3950;dna_concentration=472.6;frozen_embryo=no;gamete_intrafallopian_transfer=no;gender=male;intracytoplasmic_sperm_injection=no;maternal_age=40.10683;maternal_smoking=yes;medical_help_to_conceive=no;mother_id=1140;ovarian_stimulation=no;phenotype=non-IVF;subject_id=11401;twin_no=1;zygosity=DZ;ENA-CHECKLIST=ERC000026;
260.280_ratio=1.86;birth_weight=2500;dna_concentration=100.39;frozen_embryo=no;gamete_intrafallopian_transfer=no;gender=male;intracytoplasmic_sperm_injection=no;maternal_age=30.35733;maternal_smoking=no;medical_help_to_conceive=no;mother_id=3027;ovarian_stimulation=no;phenotype=non-IVF;subject_id=30271;twin_no=1;zygosity=DZ;ENA-CHECKLIST=ERC000026;
260.280_ratio=1.82;birth_weight=1679;dna_concentration=62.38;frozen_embryo=no;gamete_intrafallopian_transfer=no;gender=female;intracytoplasmic_sperm_injection=no;maternal_age=34.04522;maternal_smoking=no;medical_help_to_conceive=no;mother_id=1035;ovarian_stimulation=no;phenotype=non-IVF;subject_id=10351;twin_no=1;zygosity=MZ;ENA-CHECKLIST=ERC000026;
260.280_ratio=1.82;birth_weight=2755;dna_concentration=248.8;frozen_embryo=no;gamete_intrafallopian_transfer=no;gender=female;intracytoplasmic_sperm_injection=no;maternal_age=31.93707;maternal_smoking=yes;medical_help_to_conceive=no;mother_id=1130;ovarian_stimulation=no;phenotype=non-IVF;subject_id=11302;twin_no=2;zygosity=MZ;ENA-CHECKLIST=ERC000026;
260.280_ratio=1.88;birth_weight=2295;dna_concentration=109.35;frozen_embryo=no;gamete_intrafallopian_transfer=no;gender=female;intracytoplasmic_sperm_injection=no;maternal_age=28.9665;maternal_smoking=no;medical_help_to_conceive=no;mother_id=1050;ovarian_stimulation=no;phenotype=non-IVF;subject_id=10501;twin_no=1;zygosity=DZ;ENA-CHECKLIST=ERC000026;
260.280_ratio=1.88;birth_weight=2520;dna_concentration=43.17;frozen_embryo=no;gamete_intrafallopian_transfer=no;gender=female;intracytoplasmic_sperm_injection=no;maternal_age=29.14994;maternal_smoking=no;medical_help_to_conceive=no;mother_id=3015;ovarian_stimulation=no;phenotype=non-IVF;subject_id=30152;twin_no=2;zygosity=MZ;ENA-CHECKLIST=ERC000026;
260.280_ratio=1.78;birth_weight=2345;dna_concentration=136.78;frozen_embryo=no;gamete_intrafallopian_transfer=no;gender=female;intracytoplasmic_sperm_injection=no;maternal_age=30.07807;maternal_smoking=no;medical_help_to_conceive=no;mother_id=1054;ovarian_stimulation=no;phenotype=non-IVF;subject_id=10541;twin_no=1;zygosity=MZ;ENA-CHECKLIST=ERC000026;
260.280_ratio=1.79;birth_weight=2950;dna_concentration=363.36;frozen_embryo=no;gamete_intrafallopian_transfer=no;gender=female;intracytoplasmic_sperm_injection=no;maternal_age=21.42371;maternal_smoking=no;medical_help_to_conceive=no;mother_id=3060;ovarian_stimulation=no;phenotype=non-IVF;subject_id=30602;twin_no=2;zygosity=MZ;ENA-CHECKLIST=ERC000026;
260.280_ratio=1.77;birth_weight=2257;dna_concentration=206.94;frozen_embryo=no;gamete_intrafallopian_transfer=no;gender=female;intracytoplasmic_sperm_injection=no;maternal_age=26.05069;maternal_smoking=no;medical_help_to_conceive=no;mother_id=1100;ovarian_stimulation=no;phenotype=non-IVF;subject_id=11002;twin_no=2;zygosity=MZ;ENA-CHECKLIST=ERC000026;
260.280_ratio=1.81;birth_weight=2645;dna_concentration=702.4;frozen_embryo=no;gamete_intrafallopian_transfer=no;gender=female;intracytoplasmic_sperm_injection=no;maternal_age=29.14994;maternal_smoking=no;medical_help_to_conceive=no;mother_id=3015;ovarian_stimulation=no;phenotype=non-IVF;subject_id=30151;twin_no=1;zygosity=MZ;ENA-CHECKLIST=ERC000026;
260.280_ratio=1.81;birth_weight=2940;dna_concentration=106.61;frozen_embryo=no;gamete_intrafallopian_transfer=no;gender=male;intracytoplasmic_sperm_injection=no;maternal_age=33.79882;maternal_smoking=yes;medical_help_to_conceive=yes;mother_id=2053;ovarian_stimulation=yes;phenotype=non-IVF;subject_id=20531;twin_no=1;zygosity=DZ;ENA-CHECKLIST=ERC000026;
260.280_ratio=1.69;birth_weight=3030;dna_concentration=65.14;frozen_embryo=no;gamete_intrafallopian_transfer=no;gender=female;intracytoplasmic_sperm_injection=no;maternal_age=29.4292;maternal_smoking=no;medical_help_to_conceive=no;mother_id=2070;ovarian_stimulation=no;phenotype=non-IVF;subject_id=20702;twin_no=2;zygosity=DZ;ENA-CHECKLIST=ERC000026;
260.280_ratio=1.8;birth_weight=2664;dna_concentration=100.87;frozen_embryo=no;gamete_intrafallopian_transfer=no;gender=female;intracytoplasmic_sperm_injection=no;maternal_age=35.57021;maternal_smoking=yes;medical_help_to_conceive=no;mother_id=1072;ovarian_stimulation=no;phenotype=non-IVF;subject_id=10721;twin_no=1;zygosity=DZ;ENA-CHECKLIST=ERC000026;
260.280_ratio=1.81;birth_weight=2710;dna_concentration=196.2;frozen_embryo=no;gamete_intrafallopian_transfer=no;gender=female;intracytoplasmic_sperm_injection=no;maternal_age=29.4292;maternal_smoking=no;medical_help_to_conceive=no;mother_id=2070;ovarian_stimulation=no;phenotype=non-IVF;subject_id=20701;twin_no=1;zygosity=DZ;ENA-CHECKLIST=ERC000026;
260.280_ratio=1.78;birth_weight=3570;dna_concentration=149.73;frozen_embryo=no;gamete_intrafallopian_transfer=no;gender=female;intracytoplasmic_sperm_injection=no;maternal_age=40.34502;maternal_smoking=no;medical_help_to_conceive=no;mother_id=3046;ovarian_stimulation=no;phenotype=non-IVF;subject_id=30462;twin_no=2;zygosity=DZ;ENA-CHECKLIST=ERC000026;
260.280_ratio=1.8;birth_weight=2680;dna_concentration=159.96;frozen_embryo=no;gamete_intrafallopian_transfer=no;gender=male;intracytoplasmic_sperm_injection=no;maternal_age=33.79882;maternal_smoking=yes;medical_help_to_conceive=yes;mother_id=2053;ovarian_stimulation=yes;phenotype=non-IVF;subject_id=20532;twin_no=2;zygosity=DZ;ENA-CHECKLIST=ERC000026;
260.280_ratio=1.83;birth_weight=2430;dna_concentration=377.76;frozen_embryo=no;gamete_intrafallopian_transfer=no;gender=female;intracytoplasmic_sperm_injection=no;maternal_age=30.07807;maternal_smoking=no;medical_help_to_conceive=no;mother_id=1054;ovarian_stimulation=no;phenotype=non-IVF;subject_id=10542;twin_no=2;zygosity=MZ;ENA-CHECKLIST=ERC000026;
260.280_ratio=1.82;birth_weight=1920;dna_concentration=574.16;frozen_embryo=no;gamete_intrafallopian_transfer=no;gender=female;intracytoplasmic_sperm_injection=no;maternal_age=29.46205;maternal_smoking=no;medical_help_to_conceive=no;mother_id=2064;ovarian_stimulation=no;phenotype=non-IVF;subject_id=20642;twin_no=2;zygosity=MZ;ENA-CHECKLIST=ERC000026;
260.280_ratio=1.85;birth_weight=2630;dna_concentration=193.03;frozen_embryo=no;gamete_intrafallopian_transfer=yes;gender=female;intracytoplasmic_sperm_injection=no;maternal_age=26.45589;maternal_smoking=yes;medical_help_to_conceive=yes;mother_id=2028;ovarian_stimulation=no;phenotype=non-IVF;subject_id=20281;twin_no=1;zygosity=MZ;ENA-CHECKLIST=ERC000026;
260.280_ratio=1.83;birth_weight=2865;dna_concentration=300.33;frozen_embryo=no;gamete_intrafallopian_transfer=no;gender=female;intracytoplasmic_sperm_injection=no;maternal_age=40.34502;maternal_smoking=no;medical_help_to_conceive=no;mother_id=3046;ovarian_stimulation=no;phenotype=non-IVF;subject_id=30461;twin_no=1;zygosity=DZ;ENA-CHECKLIST=ERC000026;
260.280_ratio=1.74;birth_weight=2818;dna_concentration=155.78;frozen_embryo=no;gamete_intrafallopian_transfer=no;gender=male;intracytoplasmic_sperm_injection=no;maternal_age=34.03701;maternal_smoking=no;medical_help_to_conceive=no;mother_id=2019;ovarian_stimulation=no;phenotype=non-IVF;subject_id=20192;twin_no=2;zygosity=MZ;ENA-CHECKLIST=ERC000026;
260.280_ratio=1.8;birth_weight=2430;dna_concentration=521.61;frozen_embryo=no;gamete_intrafallopian_transfer=no;gender=male;intracytoplasmic_sperm_injection=no;maternal_age=34.03701;maternal_smoking=no;medical_help_to_conceive=no;mother_id=2019;ovarian_stimulation=no;phenotype=non-IVF;subject_id=20191;twin_no=1;zygosity=MZ;ENA-CHECKLIST=ERC000026;
260.280_ratio=1.83;birth_weight=2140;dna_concentration=343.99;frozen_embryo=no;gamete_intrafallopian_transfer=no;gender=female;intracytoplasmic_sperm_injection=no;maternal_age=31.93707;maternal_smoking=yes;medical_help_to_conceive=no;mother_id=1130;ovarian_stimulation=no;phenotype=non-IVF;subject_id=11301;twin_no=1;zygosity=MZ;ENA-CHECKLIST=ERC000026;
260.280_ratio=1.79;birth_weight=2510;dna_concentration=60.33;frozen_embryo=no;gamete_intrafallopian_transfer=no;gender=female;intracytoplasmic_sperm_injection=no;maternal_age=37.33339;maternal_smoking=yes;medical_help_to_conceive=no;mother_id=1033;ovarian_stimulation=no;phenotype=non-IVF;subject_id=10332;twin_no=2;zygosity=DZ;ENA-CHECKLIST=ERC000026;
260.280_ratio=1.84;birth_weight=3065;dna_concentration=153.82;frozen_embryo=no;gamete_intrafallopian_transfer=no;gender=male;intracytoplasmic_sperm_injection=no;maternal_age=25.14446;maternal_smoking=yes;medical_help_to_conceive=no;mother_id=1049;ovarian_stimulation=no;phenotype=non-IVF;subject_id=10492;twin_no=2;zygosity=DZ;ENA-CHECKLIST=ERC000026;
260.280_ratio=1.79;birth_weight=2770;dna_concentration=115.47;frozen_embryo=no;gamete_intrafallopian_transfer=no;gender=female;intracytoplasmic_sperm_injection=no;maternal_age=33.34981;maternal_smoking=no;medical_help_to_conceive=no;mother_id=2065;ovarian_stimulation=no;phenotype=non-IVF;subject_id=20652;twin_no=2;zygosity=DZ;ENA-CHECKLIST=ERC000026;
260.280_ratio=1.84;birth_weight=2486;dna_concentration=432.19;frozen_embryo=no;gamete_intrafallopian_transfer=no;gender=male;intracytoplasmic_sperm_injection=no;maternal_age=29.54693;maternal_smoking=no;medical_help_to_conceive=no;mother_id=1113;ovarian_stimulation=no;phenotype=non-IVF;subject_id=11131;twin_no=1;zygosity=MZ;ENA-CHECKLIST=ERC000026;
260.280_ratio=1.83;birth_weight=2030;dna_concentration=268.87;frozen_embryo=no;gamete_intrafallopian_transfer=no;gender=male;intracytoplasmic_sperm_injection=no;maternal_age=29.54693;maternal_smoking=no;medical_help_to_conceive=no;mother_id=1113;ovarian_stimulation=no;phenotype=non-IVF;subject_id=11132;twin_no=2;zygosity=MZ;ENA-CHECKLIST=ERC000026;
260.280_ratio=1.84;birth_weight=3080;dna_concentration=587.04;frozen_embryo=no;gamete_intrafallopian_transfer=no;gender=male;intracytoplasmic_sperm_injection=no;maternal_age=27.36212;maternal_smoking=no;medical_help_to_conceive=no;mother_id=1052;ovarian_stimulation=no;phenotype=non-IVF;subject_id=10522;twin_no=2;zygosity=DZ;ENA-CHECKLIST=ERC000026;
260.280_ratio=1.82;birth_weight=2280;dna_concentration=156.73;frozen_embryo=no;gamete_intrafallopian_transfer=no;gender=male;intracytoplasmic_sperm_injection=no;maternal_age=30.35733;maternal_smoking=no;medical_help_to_conceive=no;mother_id=3027;ovarian_stimulation=no;phenotype=non-IVF;subject_id=30272;twin_no=2;zygosity=DZ;ENA-CHECKLIST=ERC000026;
260.280_ratio=1.85;birth_weight=2270;dna_concentration=389.37;frozen_embryo=no;gamete_intrafallopian_transfer=no;gender=female;intracytoplasmic_sperm_injection=no;maternal_age=33.34981;maternal_smoking=no;medical_help_to_conceive=no;mother_id=2065;ovarian_stimulation=no;phenotype=non-IVF;subject_id=20651;twin_no=1;zygosity=DZ;ENA-CHECKLIST=ERC000026;
260.280_ratio=1.8;birth_weight=2710;dna_concentration=251.56;frozen_embryo=no;gamete_intrafallopian_transfer=no;gender=female;intracytoplasmic_sperm_injection=no;maternal_age=35.20607;maternal_smoking=no;medical_help_to_conceive=no;mother_id=3063;ovarian_stimulation=no;phenotype=non-IVF;subject_id=30632;twin_no=2;zygosity=DZ;ENA-CHECKLIST=ERC000026;
260.280_ratio=1.81;birth_weight=2210;dna_concentration=319.31;frozen_embryo=no;gamete_intrafallopian_transfer=yes;gender=female;intracytoplasmic_sperm_injection=no;maternal_age=26.45589;maternal_smoking=yes;medical_help_to_conceive=yes;mother_id=2028;ovarian_stimulation=no;phenotype=non-IVF;subject_id=20282;twin_no=2;zygosity=MZ;ENA-CHECKLIST=ERC000026;
260.280_ratio=1.8;birth_weight=2423;dna_concentration=151.43;frozen_embryo=no;gamete_intrafallopian_transfer=no;gender=male;intracytoplasmic_sperm_injection=no;maternal_age=27.83851;maternal_smoking=no;medical_help_to_conceive=no;mother_id=2058;ovarian_stimulation=no;phenotype=non-IVF;subject_id=20582;twin_no=2;zygosity=MZ;ENA-CHECKLIST=ERC000026;
260.280_ratio=1.83;birth_weight=2405;dna_concentration=835.88;frozen_embryo=no;gamete_intrafallopian_transfer=no;gender=male;intracytoplasmic_sperm_injection=no;maternal_age=27.36212;maternal_smoking=no;medical_help_to_conceive=no;mother_id=1052;ovarian_stimulation=no;phenotype=non-IVF;subject_id=10521;twin_no=1;zygosity=DZ;ENA-CHECKLIST=ERC000026;
260.280_ratio=1.84;birth_weight=3155;dna_concentration=105.64;frozen_embryo=no;gamete_intrafallopian_transfer=no;gender=male;intracytoplasmic_sperm_injection=no;maternal_age=25.14446;maternal_smoking=yes;medical_help_to_conceive=no;mother_id=1049;ovarian_stimulation=no;phenotype=non-IVF;subject_id=10491;twin_no=1;zygosity=DZ;ENA-CHECKLIST=ERC000026;
260.280_ratio=1.8;birth_weight=2920;dna_concentration=288.77;frozen_embryo=no;gamete_intrafallopian_transfer=no;gender=male;intracytoplasmic_sperm_injection=no;maternal_age=30.52982;maternal_smoking=no;medical_help_to_conceive=no;mother_id=1087;ovarian_stimulation=no;phenotype=non-IVF;subject_id=10871;twin_no=1;zygosity=DZ;ENA-CHECKLIST=ERC000026;
260.280_ratio=1.69;birth_weight=2644;dna_concentration=72.87;frozen_embryo=no;gamete_intrafallopian_transfer=no;gender=female;intracytoplasmic_sperm_injection=no;maternal_age=37.33339;maternal_smoking=yes;medical_help_to_conceive=no;mother_id=1033;ovarian_stimulation=no;phenotype=non-IVF;subject_id=10331;twin_no=1;zygosity=DZ;ENA-CHECKLIST=ERC000026;
260.280_ratio=1.76;birth_weight=2500;dna_concentration=106.12;frozen_embryo=no;gamete_intrafallopian_transfer=no;gender=female;intracytoplasmic_sperm_injection=no;maternal_age=30.95966;maternal_smoking=no;medical_help_to_conceive=no;mother_id=2059;ovarian_stimulation=no;phenotype=non-IVF;subject_id=20591;twin_no=1;zygosity=DZ;ENA-CHECKLIST=ERC000026;
260.280_ratio=1.77;birth_weight=3114;dna_concentration=136.46;frozen_embryo=no;gamete_intrafallopian_transfer=no;gender=female;intracytoplasmic_sperm_injection=no;maternal_age=35.57021;maternal_smoking=yes;medical_help_to_conceive=no;mother_id=1072;ovarian_stimulation=no;phenotype=non-IVF;subject_id=10722;twin_no=2;zygosity=DZ;ENA-CHECKLIST=ERC000026;
